This is pdfTeX, Version 3.141592653-2.6-1.40.22 (TeX Live 2022/dev/Debian) (preloaded format=pdflatex 2024.7.28)  31 JUL 2024 05:02
entering extended mode
 \write18 enabled.
 file:line:error style messages enabled.
 %&-line parsing enabled.
**/home/developer/research/latex/preamble
(/home/developer/research/latex/preamble.tex
LaTeX2e <2021-11-15> patch level 1
L3 programming layer <2022-01-21>

/home/developer/research/latex/preamble.tex:1: LaTeX Error: \usepackage before \documentclass.

See the LaTeX manual or LaTeX Companion for explanation.
Type  H <return>  for immediate help.
 ...                                              
                                                  
l.1 \usepackage{
                graphicx} % Required for inserting images
\usepackage may only appear in the document preamble, i.e.,
between \documentclass and \begin{document}.


/home/developer/research/latex/preamble.tex:2: LaTeX Error: \usepackage before \documentclass.

See the LaTeX manual or LaTeX Companion for explanation.
Type  H <return>  for immediate help.
 ...                                              
                                                  
l.2 ...t=2.5cm,right=2.5cm,marginparwidth=1.75cm]{
                                                  geometry}
\usepackage may only appear in the document preamble, i.e.,
between \documentclass and \begin{document}.


/home/developer/research/latex/preamble.tex:3: LaTeX Error: \usepackage before \documentclass.

See the LaTeX manual or LaTeX Companion for explanation.
Type  H <return>  for immediate help.
 ...                                              
                                                  
l.3 \usepackage{
                tikz}
\usepackage may only appear in the document preamble, i.e.,
between \documentclass and \begin{document}.


/home/developer/research/latex/preamble.tex:4: LaTeX Error: \usepackage before \documentclass.

See the LaTeX manual or LaTeX Companion for explanation.
Type  H <return>  for immediate help.
 ...                                              
                                                  
l.4 \usepackage{
                amsmath, amssymb} % For mathematical symbols and formatting
\usepackage may only appear in the document preamble, i.e.,
between \documentclass and \begin{document}.


/home/developer/research/latex/preamble.tex:5: LaTeX Error: \usepackage before \documentclass.

See the LaTeX manual or LaTeX Companion for explanation.
Type  H <return>  for immediate help.
 ...                                              
                                                  
l.5 \usepackage{
                amsthm}
\usepackage may only appear in the document preamble, i.e.,
between \documentclass and \begin{document}.

\c@theorem=\count185

/home/developer/research/latex/preamble.tex:6: LaTeX Error: No counter 'section' defined.

See the LaTeX manual or LaTeX Companion for explanation.
Type  H <return>  for immediate help.
 ...                                              
                                                  
l.6 \newtheorem{theorem}{Theorem}[section]
                                          
Your command was ignored.
Type  I <command> <return>  to replace it with another command,
or  <return>  to continue without it.

)
! Emergency stop.
<*> /home/developer/research/latex/preamble
                                           
*** (job aborted, no legal \end found)

 
Here is how much of TeX's memory you used:
 33 strings out of 478287
 651 string characters out of 5849289
 289007 words of memory out of 5000000
 18329 multiletter control sequences out of 15000+600000
 469259 words of font info for 28 fonts, out of 8000000 for 9000
 1141 hyphenation exceptions out of 8191
 13i,0n,14p,136b,14s stack positions out of 5000i,500n,10000p,200000b,80000s
!  ==> Fatal error occurred, no output PDF file produced!
